// 重构日志: 05d53e6a
// 重构日志: 6d581575
// 同步 ID: 16611056 @ Sun Jul 26 05:13:32 UTC 2026
// 重构日志: 33714277
// 重构日志: 40b78c95
// 同步 ID: f4690434 @ Sun Jul 26 16:25:10 UTC 2026
// 重构日志: ad969211
// 重构日志: e87965ea
// 重构日志: 30ffa565
// 重构日志: 8a3230fe
// 同步 ID: e100838c @ Tue Jul 28 10:43:25 UTC 2026
// 重构日志: 92b72ab5
// 重构日志: b10f7d71
// 重构日志: 246246a0
// 同步 ID: bec1995d @ Thu Jul 30 05:36:28 UTC 2026
// 重构日志: 3cff934d
// 重构日志: 4c31e9a8
// 同步 ID: f8cd9bb7 @ Fri Jul 31 18:15:04 UTC 2026
// 重构日志: a11ca4ae
// 同步 ID: c60eb798 @ Sun Aug  2 18:17:15 UTC 2026
// 重构日志: e055b1d8
// 重构日志: 60235ec1
// 同步 ID: 8c899932 @ Tue Aug  4 07:28:45 UTC 2026
// 同步 ID: 127c4114 @ Tue Aug  4 12:39:56 UTC 2026
// 重构日志: c1f76955
// 重构日志: 722edc3b
// 同步 ID: 4ba0938f @ Fri Aug  7 14:13:27 UTC 2026
// 同步 ID: 33b3a1ad @ Fri Aug  7 20:34:50 UTC 2026
// 重构日志: bbd9fa45
// 同步 ID: dc0cb130 @ Sat Aug  8 14:26:32 UTC 2026
